src/app/api/hr-advances/[id]/route.ts(39,35): error TS1005: ';' expected.
src/app/api/hr-employees/[id]/route.ts(56,35): error TS1005: ';' expected.
src/app/api/hr-leaves/route.ts(63,13): error TS1128: Declaration or statement expected.
src/app/api/hr-salary-records/[id]/route.ts(70,35): error TS1005: ';' expected.
